../Core/Src/main.c:79:5:main	8	static
../Core/Src/main.c:140:6:SystemClock_Config	88	static
../Core/Src/main.c:186:13:MX_ADC1_Init	24	static
../Core/Src/main.c:238:13:MX_TIM2_Init	64	static
../Core/Src/main.c:297:13:MX_TIM3_Init	64	static
../Core/Src/main.c:356:13:MX_TIM4_Init	64	static
../Core/Src/main.c:414:13:MX_TIM5_Init	80	static
../Core/Src/main.c:478:13:MX_DMA_Init	16	static
../Core/Src/main.c:496:13:MX_GPIO_Init	16	static
../Core/Src/main.c:510:6:HAL_ADC_ConvCpltCallback	16	static
../Core/Src/main.c:520:6:Error_Handler	4	static,ignoring_inline_asm
